<html>
<body>
<pre>
<h1>µVision Build Log</h1>
<h2>Tool Versions:</h2>
IDE-Version: µVision V5.26.2.0
Copyright (C) 2018 ARM Ltd and ARM Germany GmbH. All rights reserved.
License Information: toan Microsoft, Microsoft, LIC=----
 
Tool Versions:
Toolchain:       MDK-Lite  Version: 5.26.2.0
Toolchain Path:  C:\Keil_v5\ARM\ARMCC\Bin
C Compiler:      Armcc.exe V5.06 update 6 (build 750)
Assembler:       Armasm.exe V5.06 update 6 (build 750)
Linker/Locator:  ArmLink.exe V5.06 update 6 (build 750)
Library Manager: ArmAr.exe V5.06 update 6 (build 750)
Hex Converter:   FromElf.exe V5.06 update 6 (build 750)
CPU DLL:         SARMCM3.DLL V5.26.2.0
Dialog DLL:      DARMCM1.DLL V1.19.1.0
Target DLL:      Nu_Link.dll V2.05
Dialog DLL:      TARMCM1.DLL V1.14.0.0
 
<h2>Project:</h2>
F:\NUC131BSP (1)\NUC131BSP\NUC131BSP\NUC131BSP_v3.00.003\SampleCode\Template\Keil\Template.uvproj
Project File Date:  12/16/2018

<h2>Output:</h2>
*** Using Compiler 'V5.06 update 6 (build 750)', folder: 'C:\Keil_v5\ARM\ARMCC\Bin'
Build target 'Template'
creating preprocessor file for system_NUC131.c...
creating preprocessor file for retarget.c...
creating preprocessor file for uart.c...
creating preprocessor file for sys.c...
creating preprocessor file for clk.c...
creating preprocessor file for main.c...
compiling main.c...
..\main.c(199): warning:  #1294-D: Old-style function sendkey
  void sendkey(key){
..\main.c: 1 warning, 0 errors
linking...
Program Size: Code=3560 RO-data=320 RW-data=48 ZI-data=1024  
After Build - User command #1: fromelf --bin ".\obj\template.axf" --output ".\obj\template.bin"
After Build - User command #2: fromelf --text -c ".\obj\template.axf" --output ".\obj\template.txt"
".\obj\template.axf" - 0 Error(s), 1 Warning(s).
Build Time Elapsed:  00:00:03
</pre>
</body>
</html>
